MPLINK 4.41, Linker
Linker Map File - Created Fri Apr 24 09:01:51 2015

                                 Section Info
                  Section       Type    Address   Location Size(Bytes)
                ---------  ---------  ---------  ---------  ---------
                   .org_0       code   0x000000    program   0x000000
                   .org_1       code   0x000000    program   0x000004
                   .org_2       code   0x000004    program   0x000034
.config_2007_16F877ATEMP.O       code   0x002007    program   0x000002



                              Program Memory Usage 
                               Start         End      
                           ---------   ---------      
                            0x000000    0x000001      
                            0x000004    0x00001d      
                            0x002007    0x002007      
            29 out of 8454 program addresses used, program memory utilization is 0%



                              Symbols - Sorted by Name
                     Name    Address   Location    Storage File                     
                ---------  ---------  ---------  --------- ---------                
                      fim   0x00001e    program     static E:\Projetos_ASM\Proj5\16F877ATEMP.ASM
                     main   0x000010    program     static E:\Projetos_ASM\Proj5\16F877ATEMP.ASM
                    volta   0x000016    program     static E:\Projetos_ASM\Proj5\16F877ATEMP.ASM



                              Symbols - Sorted by Address
                     Name    Address   Location    Storage File                     
                ---------  ---------  ---------  --------- ---------                
                     main   0x000010    program     static E:\Projetos_ASM\Proj5\16F877ATEMP.ASM
                    volta   0x000016    program     static E:\Projetos_ASM\Proj5\16F877ATEMP.ASM
                      fim   0x00001e    program     static E:\Projetos_ASM\Proj5\16F877ATEMP.ASM


