MPLINK 4.41, Linker
Linker Map File - Created Fri Mar 20 09:42:26 2015

                                 Section Info
                  Section       Type    Address   Location Size(Bytes)
                ---------  ---------  ---------  ---------  ---------
                   .org_0       code   0x000000    program   0x000000
                   .org_1       code   0x000000    program   0x000004
                   .org_2       code   0x000004    program   0x000032
     .config_2007_PROJ2.O       code   0x002007    program   0x000002



                              Program Memory Usage 
                               Start         End      
                           ---------   ---------      
                            0x000000    0x000001      
                            0x000004    0x00001c      
                            0x002007    0x002007      
            28 out of 8454 program addresses used, program memory utilization is 0%



                              Symbols - Sorted by Name
                     Name    Address   Location    Storage File                     
                ---------  ---------  ---------  --------- ---------                
                 inc_cont   0x000019    program     static E:\Projetos_ASM\Proj2\Proj2.ASM
                     loop   0x000015    program     static E:\Projetos_ASM\Proj2\Proj2.ASM
                     main   0x000010    program     static E:\Projetos_ASM\Proj2\Proj2.ASM



                              Symbols - Sorted by Address
                     Name    Address   Location    Storage File                     
                ---------  ---------  ---------  --------- ---------                
                     main   0x000010    program     static E:\Projetos_ASM\Proj2\Proj2.ASM
                     loop   0x000015    program     static E:\Projetos_ASM\Proj2\Proj2.ASM
                 inc_cont   0x000019    program     static E:\Projetos_ASM\Proj2\Proj2.ASM


